 KPT            1  SPIN            1  KWEIGHT    1.00000000000000     
     1    -21.5295  2.00000
     2    -21.0927  2.00000
     3    -21.0927  2.00000
     4    -21.0927  2.00000
     5    -20.2538  2.00000
     6    -20.2538  2.00000
     7    -20.2538  2.00000
     8    -20.2538  2.00000
     9    -20.2538  2.00000
    10    -19.3063  2.00000
    11    -19.3063  2.00000
    12    -19.3063  2.00000
    13    -18.7946  2.00000
    14    -18.7946  2.00000
    15    -18.7946  2.00000
    16    -18.7946  2.00000
    17    -17.6025  2.00000
    18    -17.6025  2.00000
    19    -17.6025  2.00000
    20    -17.6025  2.00000
    21    -17.6025  2.00000
    22    -17.3850  2.00000
    23    -17.3850  2.00000
    24    -17.3850  2.00000
    25    -17.3850  2.00000
    26    -16.2844  2.00000
    27    -16.2844  2.00000
    28    -16.2844  2.00000
    29    -16.2844  2.00000
    30    -16.2844  2.00000
    31    -15.5246  2.00000
    32    -15.5246  2.00000
    33    -15.5246  2.00000
    34    -14.4406  2.00000
    35    -14.4406  2.00000
    36    -14.4406  2.00000
    37    -14.1264  2.00000
    38    -14.1264  2.00000
    39    -14.1264  2.00000
    40    -13.8567  2.00000
    41    -13.8567  2.00000
    42    -13.8567  2.00000
    43    -13.8567  2.00000
    44    -13.8567  2.00000
    45    -12.4810  2.00000
    46    -12.3036  2.00000
    47    -12.3036  2.00000
    48    -12.3036  2.00000
    49    -12.3036  2.00000
    50    -12.0401  2.00000
    51    -12.0401  2.00000
    52    -12.0401  2.00000
    53    -12.0401  2.00000
    54    -12.0401  2.00000
    55    -11.1471  2.00000
    56    -11.1471  2.00000
    57    -11.1471  2.00000
    58    -11.0232  2.00000
    59    -10.7391  2.00000
    60    -10.7391  2.00000
    61    -10.7391  2.00000
    62    -10.5647  2.00000
    63    -10.5647  2.00000
    64    -10.5647  2.00000
    65    -10.4688  2.00000
    66    -10.4688  2.00000
    67    -10.4688  2.00000
    68    -10.4688  2.00000
    69     -9.8517  2.00000
    70     -9.8517  2.00000
    71     -9.8517  2.00000
    72     -9.8517  2.00000
    73     -9.8517  2.00000
    74     -9.6576  2.00000
    75     -9.6576  2.00000
    76     -9.6576  2.00000
    77     -9.6576  2.00000
    78     -9.6576  2.00000
    79     -9.6561  2.00000
    80     -9.6561  2.00000
    81     -9.6561  2.00000
    82     -9.6561  2.00000
    83     -9.6470  2.00000
    84     -9.6470  2.00000
    85     -9.6470  2.00000
    86     -8.9555  2.00000
    87     -8.9555  2.00000
    88     -8.9555  2.00000
    89     -8.9555  2.00000
    90     -8.5714  2.00000
    91     -8.5714  2.00000
    92     -8.5714  2.00000
    93     -8.1387  2.00000
    94     -8.1387  2.00000
    95     -8.1387  2.00000
    96     -8.1387  2.00000
    97     -8.1387  2.00000
    98     -8.1161  2.00000
    99     -8.1161  2.00000
   100     -8.1161  2.00000
   101     -8.1161  2.00000
   102     -7.9818  2.00000
   103     -7.9818  2.00000
   104     -7.9818  2.00000
   105     -7.9818  2.00000
   106     -7.9818  2.00000
   107     -6.7993  2.00000
   108     -6.7993  2.00000
   109     -6.7993  2.00000
   110     -6.7993  2.00000
   111     -6.7993  2.00000
   112     -6.7798  2.00000
   113     -6.7798  2.00000
   114     -6.7798  2.00000
   115     -6.7798  2.00000
   116     -5.8533  2.00000
   117     -5.8533  2.00000
   118     -5.8533  2.00000
   119     -5.8533  2.00000
   120     -5.8533  2.00000
   121     -4.0562  0.00000
   122     -4.0562  0.00000
   123     -4.0562  0.00000
   124     -3.2832  0.00000
   125     -3.2832  0.00000
   126     -3.2832  0.00000
   127     -1.9608  0.00000
   128     -1.9608  0.00000
   129     -1.9608  0.00000
   130     -1.9608  0.00000
   131     -1.9608  0.00000
   132     -1.8845  0.00000
   133     -1.8845  0.00000
   134     -1.8845  0.00000
   135     -0.8746  0.00000
   136     -0.8746  0.00000
   137     -0.8746  0.00000
   138     -0.8746  0.00000
   139     -0.8746  0.00000
   140     -0.2636  0.00000
   141     -0.2636  0.00000
   142     -0.2636  0.00000
   143     -0.2636  0.00000
   144      0.5158  0.00000
   145      0.5158  0.00000
   146      0.5158  0.00000
   147      0.5158  0.00000
   148      0.6548  0.00000
   149      0.6548  0.00000
   150      0.6548  0.00000
   151      7.5597  0.00000
   152      7.5597  0.00000
   153      7.5597  0.00000
   154      8.1511  0.00000
   155      8.1511  0.00000
   156      8.1511  0.00000
   157      9.8560  0.00000
   158      9.8560  0.00000
   159      9.8560  0.00000
   160      9.8560  0.00000
   161      9.8560  0.00000
   162     11.1989  0.00000
   163     11.1989  0.00000
   164     11.1989  0.00000
   165     11.1989  0.00000
   166     11.1989  0.00000
   167     11.5770  0.00000
   168     11.5770  0.00000
   169     11.5770  0.00000
   170     11.5770  0.00000
   171     13.1784  0.00000
   172     13.1784  0.00000
   173     13.1784  0.00000
   174     14.5443  0.00000
   175     14.5443  0.00000
   176     14.5443  0.00000
   177     14.5748  0.00000
   178     14.5748  0.00000
   179     14.5748  0.00000
   180     14.5748  0.00000
   181     15.1457  0.00000
   182     15.1457  0.00000
   183     15.1457  0.00000
   184     15.1457  0.00000
   185     15.1457  0.00000
   186     16.4101  0.00000
   187     16.4101  0.00000
   188     16.4101  0.00000
   189     16.4101  0.00000
   190     16.4101  0.00000
   191     16.8025  0.00000
   192     16.8025  0.00000
   193     16.8025  0.00000
   194     17.9177  0.00000
   195     17.9177  0.00000
   196     17.9177  0.00000
   197     19.0416  0.00000
   198     19.0416  0.00000
   199     19.0416  0.00000
   200     19.3845  0.00000
   201     19.3845  0.00000
   202     19.3845  0.00000
   203     19.3845  0.00000
   204     20.2453  0.00000
   205     20.2453  0.00000
   206     20.2453  0.00000
   207     20.2453  0.00000
   208     20.2453  0.00000
   209     20.3408  0.00000
   210     20.3408  0.00000
   211     20.3408  0.00000
   212     20.3408  0.00000
   213     20.3408  0.00000
   214     20.6241  0.00000
   215     20.6241  0.00000
   216     20.6241  0.00000
   217     20.6241  0.00000
   218     20.9380  0.00000
   219     20.9380  0.00000
   220     20.9380  0.00000
   221     21.5966  0.00000
   222     21.5966  0.00000
   223     21.5966  0.00000
   224     22.1526  0.00000
   225     22.1526  0.00000
   226     22.1526  0.00000
   227     22.1526  0.00000
   228     22.1526  0.00000
   229     22.1664  0.00000
   230     22.6848  0.00000
   231     22.6848  0.00000
   232     22.6848  0.00000
   233     22.6848  0.00000
   234     25.0959  0.00000
   235     25.0959  0.00000
   236     25.0959  0.00000
   237     25.0959  0.00000
   238     25.5221  0.00000
   239     25.5221  0.00000
   240     25.5221  0.00000
 
