 Fermi distribution function
 
Calculation with static geometry
 

********************************************************************************
 iSCC Total electronic   Diff electronic      SCC error    
    4   -0.10745146E+03    0.14210855E-13    0.18163249E-12
********************************************************************************
 
 Total charge:    -0.00000000

 Atomic gross charges (e)
 Atom           Charge
    1       0.00000000
    2       0.00000000
    3       0.00000000
    4       0.00000000
    5       0.00000000
    6       0.00000000
    7       0.00000000
    8       0.00000000
    9       0.00000000
   10       0.00000000
   11       0.00000000
   12       0.00000000
   13      -0.00000000
   14      -0.00000000
   15      -0.00000000
   16      -0.00000000
   17      -0.00000000
   18      -0.00000000
   19      -0.00000000
   20      -0.00000000
   21      -0.00000000
   22      -0.00000000
   23      -0.00000000
   24      -0.00000000
   25      -0.00000000
   26      -0.00000000
   27      -0.00000000
   28      -0.00000000
   29      -0.00000000
   30      -0.00000000
   31      -0.00000000
   32      -0.00000000
   33      -0.00000000
   34      -0.00000000
   35      -0.00000000
   36      -0.00000000
   37       0.00000000
   38       0.00000000
   39       0.00000000
   40       0.00000000
   41       0.00000000
   42       0.00000000
   43       0.00000000
   44       0.00000000
   45       0.00000000
   46       0.00000000
   47       0.00000000
   48       0.00000000
   49       0.00000000
   50       0.00000000
   51       0.00000000
   52       0.00000000
   53       0.00000000
   54       0.00000000
   55       0.00000000
   56       0.00000000
   57       0.00000000
   58       0.00000000
   59       0.00000000
   60       0.00000000
 
Nr. of electrons (up):    240.00000000
Atom populations (up)
 Atom       Population
    1       4.00000000
    2       4.00000000
    3       4.00000000
    4       4.00000000
    5       4.00000000
    6       4.00000000
    7       4.00000000
    8       4.00000000
    9       4.00000000
   10       4.00000000
   11       4.00000000
   12       4.00000000
   13       4.00000000
   14       4.00000000
   15       4.00000000
   16       4.00000000
   17       4.00000000
   18       4.00000000
   19       4.00000000
   20       4.00000000
   21       4.00000000
   22       4.00000000
   23       4.00000000
   24       4.00000000
   25       4.00000000
   26       4.00000000
   27       4.00000000
   28       4.00000000
   29       4.00000000
   30       4.00000000
   31       4.00000000
   32       4.00000000
   33       4.00000000
   34       4.00000000
   35       4.00000000
   36       4.00000000
   37       4.00000000
   38       4.00000000
   39       4.00000000
   40       4.00000000
   41       4.00000000
   42       4.00000000
   43       4.00000000
   44       4.00000000
   45       4.00000000
   46       4.00000000
   47       4.00000000
   48       4.00000000
   49       4.00000000
   50       4.00000000
   51       4.00000000
   52       4.00000000
   53       4.00000000
   54       4.00000000
   55       4.00000000
   56       4.00000000
   57       4.00000000
   58       4.00000000
   59       4.00000000
   60       4.00000000
 
l-shell populations (up)
 Atom Sh.   l       Population
    1   1   0       1.19693827
    1   2   1       2.80306173
    2   1   0       1.19693827
    2   2   1       2.80306173
    3   1   0       1.19693827
    3   2   1       2.80306173
    4   1   0       1.19693827
    4   2   1       2.80306173
    5   1   0       1.19693827
    5   2   1       2.80306173
    6   1   0       1.19693827
    6   2   1       2.80306173
    7   1   0       1.19693827
    7   2   1       2.80306173
    8   1   0       1.19693827
    8   2   1       2.80306173
    9   1   0       1.19693827
    9   2   1       2.80306173
   10   1   0       1.19693827
   10   2   1       2.80306173
   11   1   0       1.19693827
   11   2   1       2.80306173
   12   1   0       1.19693827
   12   2   1       2.80306173
   13   1   0       1.19693827
   13   2   1       2.80306173
   14   1   0       1.19693827
   14   2   1       2.80306173
   15   1   0       1.19693827
   15   2   1       2.80306173
   16   1   0       1.19693827
   16   2   1       2.80306173
   17   1   0       1.19693827
   17   2   1       2.80306173
   18   1   0       1.19693827
   18   2   1       2.80306173
   19   1   0       1.19693827
   19   2   1       2.80306173
   20   1   0       1.19693827
   20   2   1       2.80306173
   21   1   0       1.19693827
   21   2   1       2.80306173
   22   1   0       1.19693827
   22   2   1       2.80306173
   23   1   0       1.19693827
   23   2   1       2.80306173
   24   1   0       1.19693827
   24   2   1       2.80306173
   25   1   0       1.19693827
   25   2   1       2.80306173
   26   1   0       1.19693827
   26   2   1       2.80306173
   27   1   0       1.19693827
   27   2   1       2.80306173
   28   1   0       1.19693827
   28   2   1       2.80306173
   29   1   0       1.19693827
   29   2   1       2.80306173
   30   1   0       1.19693827
   30   2   1       2.80306173
   31   1   0       1.19693827
   31   2   1       2.80306173
   32   1   0       1.19693827
   32   2   1       2.80306173
   33   1   0       1.19693827
   33   2   1       2.80306173
   34   1   0       1.19693827
   34   2   1       2.80306173
   35   1   0       1.19693827
   35   2   1       2.80306173
   36   1   0       1.19693827
   36   2   1       2.80306173
   37   1   0       1.19693827
   37   2   1       2.80306173
   38   1   0       1.19693827
   38   2   1       2.80306173
   39   1   0       1.19693827
   39   2   1       2.80306173
   40   1   0       1.19693827
   40   2   1       2.80306173
   41   1   0       1.19693827
   41   2   1       2.80306173
   42   1   0       1.19693827
   42   2   1       2.80306173
   43   1   0       1.19693827
   43   2   1       2.80306173
   44   1   0       1.19693827
   44   2   1       2.80306173
   45   1   0       1.19693827
   45   2   1       2.80306173
   46   1   0       1.19693827
   46   2   1       2.80306173
   47   1   0       1.19693827
   47   2   1       2.80306173
   48   1   0       1.19693827
   48   2   1       2.80306173
   49   1   0       1.19693827
   49   2   1       2.80306173
   50   1   0       1.19693827
   50   2   1       2.80306173
   51   1   0       1.19693827
   51   2   1       2.80306173
   52   1   0       1.19693827
   52   2   1       2.80306173
   53   1   0       1.19693827
   53   2   1       2.80306173
   54   1   0       1.19693827
   54   2   1       2.80306173
   55   1   0       1.19693827
   55   2   1       2.80306173
   56   1   0       1.19693827
   56   2   1       2.80306173
   57   1   0       1.19693827
   57   2   1       2.80306173
   58   1   0       1.19693827
   58   2   1       2.80306173
   59   1   0       1.19693827
   59   2   1       2.80306173
   60   1   0       1.19693827
   60   2   1       2.80306173
 
Orbital populations (up)
 Atom Sh.   l   m       Population  Label
    1   1   0   0       1.19693827  s
    1   2   1  -1       0.89791096  p_y
    1   2   1   0       0.91283379  p_z
    1   2   1   1       0.99231698  p_x
    2   1   0   0       1.19693827  s
    2   2   1  -1       0.89791096  p_y
    2   2   1   0       0.91283379  p_z
    2   2   1   1       0.99231698  p_x
    3   1   0   0       1.19693827  s
    3   2   1  -1       0.89791096  p_y
    3   2   1   0       0.91283379  p_z
    3   2   1   1       0.99231698  p_x
    4   1   0   0       1.19693827  s
    4   2   1  -1       0.89791096  p_y
    4   2   1   0       0.91283379  p_z
    4   2   1   1       0.99231698  p_x
    5   1   0   0       1.19693827  s
    5   2   1  -1       0.91283379  p_y
    5   2   1   0       0.99231698  p_z
    5   2   1   1       0.89791096  p_x
    6   1   0   0       1.19693827  s
    6   2   1  -1       0.91283379  p_y
    6   2   1   0       0.99231698  p_z
    6   2   1   1       0.89791096  p_x
    7   1   0   0       1.19693827  s
    7   2   1  -1       0.91283379  p_y
    7   2   1   0       0.99231698  p_z
    7   2   1   1       0.89791096  p_x
    8   1   0   0       1.19693827  s
    8   2   1  -1       0.91283379  p_y
    8   2   1   0       0.99231698  p_z
    8   2   1   1       0.89791096  p_x
    9   1   0   0       1.19693827  s
    9   2   1  -1       0.99231698  p_y
    9   2   1   0       0.89791096  p_z
    9   2   1   1       0.91283379  p_x
   10   1   0   0       1.19693827  s
   10   2   1  -1       0.99231698  p_y
   10   2   1   0       0.89791096  p_z
   10   2   1   1       0.91283379  p_x
   11   1   0   0       1.19693827  s
   11   2   1  -1       0.99231698  p_y
   11   2   1   0       0.89791096  p_z
   11   2   1   1       0.91283379  p_x
   12   1   0   0       1.19693827  s
   12   2   1  -1       0.99231698  p_y
   12   2   1   0       0.89791096  p_z
   12   2   1   1       0.91283379  p_x
   13   1   0   0       1.19693827  s
   13   2   1  -1       0.92685554  p_y
   13   2   1   0       0.89633172  p_z
   13   2   1   1       0.97987447  p_x
   14   1   0   0       1.19693827  s
   14   2   1  -1       0.92685554  p_y
   14   2   1   0       0.89633172  p_z
   14   2   1   1       0.97987447  p_x
   15   1   0   0       1.19693827  s
   15   2   1  -1       0.92685554  p_y
   15   2   1   0       0.89633172  p_z
   15   2   1   1       0.97987447  p_x
   16   1   0   0       1.19693827  s
   16   2   1  -1       0.92685554  p_y
   16   2   1   0       0.89633172  p_z
   16   2   1   1       0.97987447  p_x
   17   1   0   0       1.19693827  s
   17   2   1  -1       0.92685554  p_y
   17   2   1   0       0.89633172  p_z
   17   2   1   1       0.97987447  p_x
   18   1   0   0       1.19693827  s
   18   2   1  -1       0.92685554  p_y
   18   2   1   0       0.89633172  p_z
   18   2   1   1       0.97987447  p_x
   19   1   0   0       1.19693827  s
   19   2   1  -1       0.92685554  p_y
   19   2   1   0       0.89633172  p_z
   19   2   1   1       0.97987447  p_x
   20   1   0   0       1.19693827  s
   20   2   1  -1       0.92685554  p_y
   20   2   1   0       0.89633172  p_z
   20   2   1   1       0.97987447  p_x
   21   1   0   0       1.19693827  s
   21   2   1  -1       0.89633172  p_y
   21   2   1   0       0.97987447  p_z
   21   2   1   1       0.92685554  p_x
   22   1   0   0       1.19693827  s
   22   2   1  -1       0.89633172  p_y
   22   2   1   0       0.97987447  p_z
   22   2   1   1       0.92685554  p_x
   23   1   0   0       1.19693827  s
   23   2   1  -1       0.89633172  p_y
   23   2   1   0       0.97987447  p_z
   23   2   1   1       0.92685554  p_x
   24   1   0   0       1.19693827  s
   24   2   1  -1       0.89633172  p_y
   24   2   1   0       0.97987447  p_z
   24   2   1   1       0.92685554  p_x
   25   1   0   0       1.19693827  s
   25   2   1  -1       0.89633172  p_y
   25   2   1   0       0.97987447  p_z
   25   2   1   1       0.92685554  p_x
   26   1   0   0       1.19693827  s
   26   2   1  -1       0.89633172  p_y
   26   2   1   0       0.97987447  p_z
   26   2   1   1       0.92685554  p_x
   27   1   0   0       1.19693827  s
   27   2   1  -1       0.89633172  p_y
   27   2   1   0       0.97987447  p_z
   27   2   1   1       0.92685554  p_x
   28   1   0   0       1.19693827  s
   28   2   1  -1       0.89633172  p_y
   28   2   1   0       0.97987447  p_z
   28   2   1   1       0.92685554  p_x
   29   1   0   0       1.19693827  s
   29   2   1  -1       0.97987447  p_y
   29   2   1   0       0.92685554  p_z
   29   2   1   1       0.89633172  p_x
   30   1   0   0       1.19693827  s
   30   2   1  -1       0.97987447  p_y
   30   2   1   0       0.92685554  p_z
   30   2   1   1       0.89633172  p_x
   31   1   0   0       1.19693827  s
   31   2   1  -1       0.97987447  p_y
   31   2   1   0       0.92685554  p_z
   31   2   1   1       0.89633172  p_x
   32   1   0   0       1.19693827  s
   32   2   1  -1       0.97987447  p_y
   32   2   1   0       0.92685554  p_z
   32   2   1   1       0.89633172  p_x
   33   1   0   0       1.19693827  s
   33   2   1  -1       0.97987447  p_y
   33   2   1   0       0.92685554  p_z
   33   2   1   1       0.89633172  p_x
   34   1   0   0       1.19693827  s
   34   2   1  -1       0.97987447  p_y
   34   2   1   0       0.92685554  p_z
   34   2   1   1       0.89633172  p_x
   35   1   0   0       1.19693827  s
   35   2   1  -1       0.97987447  p_y
   35   2   1   0       0.92685554  p_z
   35   2   1   1       0.89633172  p_x
   36   1   0   0       1.19693827  s
   36   2   1  -1       0.97987447  p_y
   36   2   1   0       0.92685554  p_z
   36   2   1   1       0.89633172  p_x
   37   1   0   0       1.19693827  s
   37   2   1  -1       0.90653056  p_y
   37   2   1   0       0.94954322  p_z
   37   2   1   1       0.94698795  p_x
   38   1   0   0       1.19693827  s
   38   2   1  -1       0.90653056  p_y
   38   2   1   0       0.94954322  p_z
   38   2   1   1       0.94698795  p_x
   39   1   0   0       1.19693827  s
   39   2   1  -1       0.90653056  p_y
   39   2   1   0       0.94954322  p_z
   39   2   1   1       0.94698795  p_x
   40   1   0   0       1.19693827  s
   40   2   1  -1       0.90653056  p_y
   40   2   1   0       0.94954322  p_z
   40   2   1   1       0.94698795  p_x
   41   1   0   0       1.19693827  s
   41   2   1  -1       0.90653056  p_y
   41   2   1   0       0.94954322  p_z
   41   2   1   1       0.94698795  p_x
   42   1   0   0       1.19693827  s
   42   2   1  -1       0.90653056  p_y
   42   2   1   0       0.94954322  p_z
   42   2   1   1       0.94698795  p_x
   43   1   0   0       1.19693827  s
   43   2   1  -1       0.90653056  p_y
   43   2   1   0       0.94954322  p_z
   43   2   1   1       0.94698795  p_x
   44   1   0   0       1.19693827  s
   44   2   1  -1       0.90653056  p_y
   44   2   1   0       0.94954322  p_z
   44   2   1   1       0.94698795  p_x
   45   1   0   0       1.19693827  s
   45   2   1  -1       0.94954322  p_y
   45   2   1   0       0.94698795  p_z
   45   2   1   1       0.90653056  p_x
   46   1   0   0       1.19693827  s
   46   2   1  -1       0.94954322  p_y
   46   2   1   0       0.94698795  p_z
   46   2   1   1       0.90653056  p_x
   47   1   0   0       1.19693827  s
   47   2   1  -1       0.94954322  p_y
   47   2   1   0       0.94698795  p_z
   47   2   1   1       0.90653056  p_x
   48   1   0   0       1.19693827  s
   48   2   1  -1       0.94954322  p_y
   48   2   1   0       0.94698795  p_z
   48   2   1   1       0.90653056  p_x
   49   1   0   0       1.19693827  s
   49   2   1  -1       0.94954322  p_y
   49   2   1   0       0.94698795  p_z
   49   2   1   1       0.90653056  p_x
   50   1   0   0       1.19693827  s
   50   2   1  -1       0.94954322  p_y
   50   2   1   0       0.94698795  p_z
   50   2   1   1       0.90653056  p_x
   51   1   0   0       1.19693827  s
   51   2   1  -1       0.94954322  p_y
   51   2   1   0       0.94698795  p_z
   51   2   1   1       0.90653056  p_x
   52   1   0   0       1.19693827  s
   52   2   1  -1       0.94954322  p_y
   52   2   1   0       0.94698795  p_z
   52   2   1   1       0.90653056  p_x
   53   1   0   0       1.19693827  s
   53   2   1  -1       0.94698795  p_y
   53   2   1   0       0.90653056  p_z
   53   2   1   1       0.94954322  p_x
   54   1   0   0       1.19693827  s
   54   2   1  -1       0.94698795  p_y
   54   2   1   0       0.90653056  p_z
   54   2   1   1       0.94954322  p_x
   55   1   0   0       1.19693827  s
   55   2   1  -1       0.94698795  p_y
   55   2   1   0       0.90653056  p_z
   55   2   1   1       0.94954322  p_x
   56   1   0   0       1.19693827  s
   56   2   1  -1       0.94698795  p_y
   56   2   1   0       0.90653056  p_z
   56   2   1   1       0.94954322  p_x
   57   1   0   0       1.19693827  s
   57   2   1  -1       0.94698795  p_y
   57   2   1   0       0.90653056  p_z
   57   2   1   1       0.94954322  p_x
   58   1   0   0       1.19693827  s
   58   2   1  -1       0.94698795  p_y
   58   2   1   0       0.90653056  p_z
   58   2   1   1       0.94954322  p_x
   59   1   0   0       1.19693827  s
   59   2   1  -1       0.94698795  p_y
   59   2   1   0       0.90653056  p_z
   59   2   1   1       0.94954322  p_x
   60   1   0   0       1.19693827  s
   60   2   1  -1       0.94698795  p_y
   60   2   1   0       0.90653056  p_z
   60   2   1   1       0.94954322  p_x
 
Fermi level:                        -0.1820824376 H           -4.9547 eV
Band energy:                      -107.4514571826 H        -2923.9029 eV
TS:                                  0.0000000000 H            0.0000 eV
Band free energy (E-TS):          -107.4514571826 H        -2923.9029 eV
Extrapolated E(0K):               -107.4514571826 H        -2923.9029 eV
Input / Output electrons (q):    240.0000000000    240.0000000000
 
Energy H0:                        -107.4514571826 H        -2923.9029 eV
Energy SCC:                          0.0000000000 H            0.0000 eV
Total Electronic energy:          -107.4514571826 H        -2923.9029 eV
Repulsive energy:                    4.2192905656 H          114.8127 eV
Total energy:                     -103.2321666171 H        -2809.0902 eV
Extrapolated to 0:                -103.2321666171 H        -2809.0902 eV
Total Mermin free energy:         -103.2321666171 H        -2809.0902 eV
Force related energy:             -103.2321666171 H        -2809.0902 eV
 
Non-constrained calculation
 
SCC converged
 
Excitation Energy:                   0.1210921503 H            3.2951 eV
 
Dipole moment:   -0.00000000   -0.00000000    0.00000000 au
Dipole moment:   -0.00000000   -0.00000000    0.00000000 Debye
 
 
