                      :-) GROMACS - gmx mdrun, 2024.2 (-:

Copyright 1991-2024 The GROMACS Authors.
GROMACS is free software; you can redistribute it and/or modify it
under the terms of the GNU Lesser General Public License
as published by the Free Software Foundation; either version 2.1
of the License, or (at your option) any later version.

                         Current GROMACS contributors:
       Mark Abraham           Andrey Alekseenko           Vladimir Basov      
      Cathrine Bergh            Eliane Briand               Ania Brown        
      Mahesh Doijade            Giacomo Fiorin          Stefan Fleischmann    
      Sergey Gorelov         Gilles Gouaillardet            Alan Gray         
     M. Eric Irrgang         Farzaneh Jalalypour            Joe Jordan        
     Carsten Kutzner           Justin A. Lemkul          Magnus Lundborg      
       Pascal Merz              Vedran Miletic            Dmitry Morozov      
       Julien Nabet              Szilard Pall        Andrea Pasquadibisceglie 
    Michele Pellegrino          Hubert Santuz             Roland Schulz       
     Tatiana Shugaeva          Alexey Shvetsov            Philip Turner       
     Alessandra Villa      Sebastian Wingbermuehle  

                         Previous GROMACS contributors:
        Emile Apol             Rossen Apostolov           James Barnett       
        Paul Bauer          Herman J.C. Berendsen          Par Bjelkmar       
      Christian Blau          Viacheslav Bolnykh            Kevin Boyd        
    Aldert van Buuren          Carlo Camilloni           Rudi van Drunen      
      Anton Feenstra           Oliver Fleetwood            Vytas Gapsys       
       Gaurav Garg             Gerrit Groenhof            Bert de Groot       
      Anca Hamuraru           Vincent Hindriksen          Victor Holanda      
     Aleksei Iupinov          Christoph Junghans        Prashanth Kanduri     
   Dimitrios Karkoulis           Peter Kasson             Sebastian Kehl      
     Sebastian Keller             Jiri Kraus               Per Larsson        
      Viveca Lindahl            Erik Marklund           Pieter Meulenhoff     
      Teemu Murtola              Sander Pronk             Michael Shirts      
      Alfons Sijbers            Balint Soproni         David van der Spoel    
      Peter Tieleman            Carsten Uphoff             Jon Vincent        
     Teemu Virolainen         Christian Wennberg           Maarten Wolf       
      Artem Zhmurov       

                  Coordinated by the GROMACS project leaders:
                           Berk Hess and Erik Lindahl

GROMACS:      gmx mdrun, version 2024.2
Executable:   /opt/apps/intel24/impi21/gromacs/2024/bin/gmx_mpi
Data prefix:  /opt/apps/intel24/impi21/gromacs/2024
Working dir:  /scratch/11603/crw405/REU-HPC-Research
Process ID:   3228877
Command line:
  gmx_mpi mdrun -s /work2/05392/cylu/share/reu_2026/2.project/2.examples/gromacs/benchMEM.tpr -deffnm md -nsteps 500000 -ntomp 1 -noconfout

GROMACS version:     2024.2
Precision:           mixed
Memory model:        64 bit
MPI library:         MPI
MPI library version: Intel(R) MPI Library 2021.11 for Linux* OS 
OpenMP support:      enabled (GMX_OPENMP_MAX_THREADS = 256)
GPU support:         disabled
SIMD instructions:   AVX_512
CPU FFT library:     Intel MKL version 2024.0.0 Build 20231011
GPU FFT library:     none
Multi-GPU FFT:       none
RDTSCP usage:        enabled
TNG support:         enabled
Hwloc support:       disabled
Tracing support:     disabled
C compiler:          /opt/intel/oneapi/compiler/2024.0/bin/icx IntelLLVM 2024.0.0
C compiler flags:    -march=skylake-avx512 -Wno-missing-field-initializers -O3 -DNDEBUG
C++ compiler:        /opt/intel/oneapi/compiler/2024.0/bin/icpx IntelLLVM 2024.0.0
C++ compiler flags:  -march=skylake-avx512 -Wno-reserved-identifier -Wno-missing-field-initializers -Wno-pass-failed -Weverything -Wno-c++98-compat -Wno-c++98-compat-pedantic -Wno-source-uses-openmp -Wno-c++17-extensions -Wno-documentation-unknown-command -Wno-covered-switch-default -Wno-switch-enum -Wno-switch-default -Wno-extra-semi-stmt -Wno-weak-vtables -Wno-shadow -Wno-padded -Wno-reserved-id-macro -Wno-double-promotion -Wno-exit-time-destructors -Wno-global-constructors -Wno-documentation -Wno-format-nonliteral -Wno-used-but-marked-unused -Wno-float-equal -Wno-conditional-uninitialized -Wno-conversion -Wno-disabled-macro-expansion -Wno-unused-macros -Wno-unsafe-buffer-usage -Wno-cast-function-type-strict -fiopenmp -O3 -DNDEBUG
BLAS library:        Intel MKL version 2024.0.0 Build 20231011
LAPACK library:      Intel MKL version 2024.0.0 Build 20231011


Running on 1 node with total 48 cores, 48 processing units
Hardware detected on host c454-023.stampede3.tacc.utexas.edu (the node of MPI rank 0):
  CPU info:
    Vendor: Intel
    Brand:  Intel(R) Xeon(R) Platinum 8160 CPU @ 2.10GHz
    Family: 6   Model: 85   Stepping: 4
    Features: aes apic avx avx2 avx512f avx512cd avx512bw avx512vl avx512secondFMA clfsh cmov cx8 cx16 f16c fma hle htt intel lahf mmx msr nonstop_tsc pcid pclmuldq pdcm pdpe1gb popcnt pse rdrnd rdtscp rtm sse2 sse3 sse4.1 sse4.2 ssse3 tdt x2apic
    Number of AVX-512 FMA units: 2
  Hardware topology: Basic
    Packages, cores, and logical processors:
    [indices refer to OS logical processors]
      Package  0: [   0] [   2] [   4] [   6] [   8] [  10] [  12] [  14] [  16] [  18] [  20] [  22] [  24] [  26] [  28] [  30] [  32] [  34] [  36] [  38] [  40] [  42] [  44] [  46]
      Package  1: [   1] [   3] [   5] [   7] [   9] [  11] [  13] [  15] [  17] [  19] [  21] [  23] [  25] [  27] [  29] [  31] [  33] [  35] [  37] [  39] [  41] [  43] [  45] [  47]
    CPU limit set by OS: -1   Recommended max number of threads: 48


++++ PLEASE READ AND CITE THE FOLLOWING REFERENCE ++++
M. J. Abraham, T. Murtola, R. Schulz, S. Páll, J. C. Smith, B. Hess, E.
Lindahl
GROMACS: High performance molecular simulations through multi-level
parallelism from laptops to supercomputers
SoftwareX 1 (2015) pp. 19-25
-------- -------- --- Thank You --- -------- --------


++++ PLEASE READ AND CITE THE FOLLOWING REFERENCE ++++
S. Páll, M. J. Abraham, C. Kutzner, B. Hess, E. Lindahl
Tackling Exascale Software Challenges in Molecular Dynamics Simulations with
GROMACS
In S. Markidis & E. Laure (Eds.), Solving Software Challenges for Exascale 8759 (2015) pp. 3-27
-------- -------- --- Thank You --- -------- --------


++++ PLEASE READ AND CITE THE FOLLOWING REFERENCE ++++
S. Pronk, S. Páll, R. Schulz, P. Larsson, P. Bjelkmar, R. Apostolov, M. R.
Shirts, J. C. Smith, P. M. Kasson, D. van der Spoel, B. Hess, and E. Lindahl
GROMACS 4.5: a high-throughput and highly parallel open source molecular
simulation toolkit
Bioinformatics 29 (2013) pp. 845-54
-------- -------- --- Thank You --- -------- --------


++++ PLEASE READ AND CITE THE FOLLOWING REFERENCE ++++
B. Hess and C. Kutzner and D. van der Spoel and E. Lindahl
GROMACS 4: Algorithms for highly efficient, load-balanced, and scalable
molecular simulation
J. Chem. Theory Comput. 4 (2008) pp. 435-447
-------- -------- --- Thank You --- -------- --------


++++ PLEASE READ AND CITE THE FOLLOWING REFERENCE ++++
D. van der Spoel, E. Lindahl, B. Hess, G. Groenhof, A. E. Mark and H. J. C.
Berendsen
GROMACS: Fast, Flexible and Free
J. Comp. Chem. 26 (2005) pp. 1701-1719
-------- -------- --- Thank You --- -------- --------


++++ PLEASE READ AND CITE THE FOLLOWING REFERENCE ++++
E. Lindahl and B. Hess and D. van der Spoel
GROMACS 3.0: A package for molecular simulation and trajectory analysis
J. Mol. Mod. 7 (2001) pp. 306-317
-------- -------- --- Thank You --- -------- --------


++++ PLEASE READ AND CITE THE FOLLOWING REFERENCE ++++
H. J. C. Berendsen, D. van der Spoel and R. van Drunen
GROMACS: A message-passing parallel molecular dynamics implementation
Comp. Phys. Comm. 91 (1995) pp. 43-56
-------- -------- --- Thank You --- -------- --------


++++ PLEASE CITE THE DOI FOR THIS VERSION OF GROMACS ++++
https://doi.org/10.5281/zenodo.11148655
-------- -------- --- Thank You --- -------- --------


The number of OpenMP threads was set by environment variable OMP_NUM_THREADS to 1 (and the command-line setting agreed with that)

Input Parameters:
   integrator                     = md
   tinit                          = 0
   dt                             = 0.002
   nsteps                         = 10000
   init-step                      = 0
   simulation-part                = 1
   mts                            = false
   mass-repartition-factor        = 1
   comm-mode                      = Linear
   nstcomm                        = 100
   bd-fric                        = 0
   ld-seed                        = 1993
   emtol                          = 1e-06
   emstep                         = 0.01
   niter                          = 100
   fcstep                         = 0
   nstcgsteep                     = 1000
   nbfgscorr                      = 10
   rtpi                           = 0.05
   nstxout                        = 0
   nstvout                        = 0
   nstfout                        = 0
   nstlog                         = 0
   nstcalcenergy                  = 100
   nstenergy                      = 0
   nstxout-compressed             = 0
   compressed-x-precision         = 1000
   cutoff-scheme                  = Verlet
   nstlist                        = 10
   pbc                            = xyz
   periodic-molecules             = false
   verlet-buffer-tolerance        = 0.005
   verlet-buffer-pressure-tolerance = -1
   rlist                          = 1
   coulombtype                    = PME
   coulomb-modifier               = Potential-shift
   rcoulomb-switch                = 0
   rcoulomb                       = 1
   epsilon-r                      = 1
   epsilon-rf                     = 1
   vdw-type                       = Cut-off
   vdw-modifier                   = Potential-shift
   rvdw-switch                    = 1.2
   rvdw                           = 1
   DispCorr                       = No
   table-extension                = 1
   fourierspacing                 = 0.12
   fourier-nx                     = 96
   fourier-ny                     = 96
   fourier-nz                     = 80
   pme-order                      = 4
   ewald-rtol                     = 1e-05
   ewald-rtol-lj                  = 1e-05
   lj-pme-comb-rule               = Geometric
   ewald-geometry                 = 3d
   epsilon-surface                = 0
   ensemble-temperature-setting   = constant
   ensemble-temperature           = 300
   tcoupl                         = Berendsen
   nsttcouple                     = 10
   nh-chain-length                = 0
   print-nose-hoover-chain-variables = false
   pcoupl                         = Berendsen
   pcoupltype                     = Isotropic
   nstpcouple                     = 10
   tau-p                          = 1
   compressibility (3x3):
      compressibility[    0]={ 4.50000e-05,  0.00000e+00,  0.00000e+00}
      compressibility[    1]={ 0.00000e+00,  4.50000e-05,  0.00000e+00}
      compressibility[    2]={ 0.00000e+00,  0.00000e+00,  4.50000e-05}
   ref-p (3x3):
      ref-p[    0]={ 1.00000e+00,  0.00000e+00,  0.00000e+00}
      ref-p[    1]={ 0.00000e+00,  1.00000e+00,  0.00000e+00}
      ref-p[    2]={ 0.00000e+00,  0.00000e+00,  1.00000e+00}
   refcoord-scaling               = No
   posres-com (3):
      posres-com[0]= 0.00000e+00
      posres-com[1]= 0.00000e+00
      posres-com[2]= 0.00000e+00
   posres-comB (3):
      posres-comB[0]= 0.00000e+00
      posres-comB[1]= 0.00000e+00
      posres-comB[2]= 0.00000e+00
   QMMM                           = false
qm-opts:
   ngQM                           = 0
   constraint-algorithm           = Lincs
   continuation                   = false
   Shake-SOR                      = false
   shake-tol                      = 0.0001
   lincs-order                    = 4
   lincs-iter                     = 1
   lincs-warnangle                = 30
   nwall                          = 0
   wall-type                      = 9-3
   wall-r-linpot                  = -1
   wall-atomtype[0]               = -1
   wall-atomtype[1]               = -1
   wall-density[0]                = 0
   wall-density[1]                = 0
   wall-ewald-zfac                = 3
   pull                           = false
   awh                            = false
   rotation                       = false
   interactiveMD                  = false
   disre                          = No
   disre-weighting                = Equal
   disre-mixed                    = false
   dr-fc                          = 1000
   dr-tau                         = 1.25
   nstdisreout                    = 100
   orire-fc                       = 0
   orire-tau                      = 0
   nstorireout                    = 100
   free-energy                    = no
   cos-acceleration               = 0
   deform (3x3):
      deform[    0]={ 0.00000e+00,  0.00000e+00,  0.00000e+00}
      deform[    1]={ 0.00000e+00,  0.00000e+00,  0.00000e+00}
      deform[    2]={ 0.00000e+00,  0.00000e+00,  0.00000e+00}
   simulated-tempering            = false
   swapcoords                     = no
   userint1                       = 0
   userint2                       = 0
   userint3                       = 0
   userint4                       = 0
   userreal1                      = 0
   userreal2                      = 0
   userreal3                      = 0
   userreal4                      = 0
   applied-forces:
     electric-field:
grpopts:
   nrdf:      163634
   ref-t:         300
   tau-t:         0.1
annealing:          No
annealing-npoints:           0
   acc:	           0           0           0
   nfreeze:           N           N           N
   energygrp-flags[  0]: 0

The -nsteps functionality is deprecated, and may be removed in a future version. Consider using gmx convert-tpr -nsteps or changing the appropriate .mdp file field.

Overriding nsteps with value passed on the command line: 500000 steps, 1e+03 ps
Changing nstlist from 10 to 80, rlist from 1 to 1.11


Update groups can not be used for this system because there are three or more consecutively coupled constraints

Initializing Domain Decomposition on 48 ranks
Dynamic load balancing: auto
Minimum cell size due to atom displacement: 0.628 nm
Initial maximum distances in bonded interactions:
    two-body bonded interactions: 0.424 nm, LJ-14, atoms 4910 4912
  multi-body bonded interactions: 0.416 nm, Proper Dih., atoms 3727 3731
Minimum cell size due to bonded interactions: 0.457 nm
Maximum distance for 5 constraints, at 120 deg. angles, all-trans: 0.820 nm
Estimated maximum distance required for P-LINCS: 0.820 nm
This distance will limit the DD cell size, you can override this with -rcon
Scaling the initial minimum size with 1/0.8 (option -dds) = 1.25
Guess for relative PME load: 0.33
Will use 32 particle-particle and 16 PME only ranks
This is a guess, check the performance at the end of the log file
Using 16 separate PME ranks, as guessed by mdrun
Optimizing the DD grid for 32 cells with a minimum initial size of 1.025 nm
The maximum allowed number of cells is: X 10 Y 9 Z 9
Domain decomposition grid 8 x 1 x 4, separate PME ranks 16
PME domain decomposition: 16 x 1 x 1
Interleaving PP and PME ranks
This rank does only particle-particle work.
Domain decomposition rank 0, coordinates 0 0 0

The initial number of communication pulses is: X 1 Z 1
The initial domain decomposition cell size is: X 1.35 nm Z 2.39 nm

The maximum allowed distance for atoms involved in interactions is:
                 non-bonded interactions           1.110 nm
(the following are initial values, they could change due to box deformation)
            two-body bonded interactions  (-rdd)   1.110 nm
          multi-body bonded interactions  (-rdd)   1.110 nm
  atoms separated by up to 5 constraints  (-rcon)  1.348 nm

When dynamic load balancing gets turned on, these settings will change to:
The maximum number of communication pulses is: X 2 Z 2
The minimum size for domain decomposition cells is 0.903 nm
The requested allowed shrink of DD cells (option -dds) is: 0.80
The allowed shrink of domain decomposition cells is: X 0.67 Z 0.38
The maximum allowed distance for atoms involved in interactions is:
                 non-bonded interactions           1.110 nm
            two-body bonded interactions  (-rdd)   1.110 nm
          multi-body bonded interactions  (-rdd)   0.903 nm
  atoms separated by up to 5 constraints  (-rcon)  0.903 nm

Using 48 MPI processes

Non-default thread affinity set, disabling internal thread affinity

Using 1 OpenMP thread per MPI process

System total charge: 0.000
Will do PME sum in reciprocal space for electrostatic interactions.

++++ PLEASE READ AND CITE THE FOLLOWING REFERENCE ++++
U. Essmann, L. Perera, M. L. Berkowitz, T. Darden, H. Lee and L. G. Pedersen 
A smooth particle mesh Ewald method
J. Chem. Phys. 103 (1995) pp. 8577-8592
-------- -------- --- Thank You --- -------- --------

Using a Gaussian width (1/beta) of 0.320163 nm for Ewald
Potential shift: LJ r^-12: -1.000e+00 r^-6: -1.000e+00, Ewald -1.000e-05
Initialized non-bonded Coulomb Ewald tables, spacing: 9.33e-04 size: 1073

Generated table with 1055 data points for 1-4 COUL.
Tabscale = 500 points/nm
Generated table with 1055 data points for 1-4 LJ6.
Tabscale = 500 points/nm
Generated table with 1055 data points for 1-4 LJ12.
Tabscale = 500 points/nm


Using SIMD2xMM 4x8 nonbonded short-range kernels

Using a dual 4x8 pair-list setup updated with dynamic pruning:
  outer list: updated every 80 steps, buffer 0.110 nm, rlist 1.110 nm
  inner list: updated every 14 steps, buffer 0.000 nm, rlist 1.000 nm
At tolerance 0.005 kJ/mol/ps per atom, equivalent classical 1x1 list would be:
  outer list: updated every 80 steps, buffer 0.253 nm, rlist 1.253 nm
  inner list: updated every 14 steps, buffer 0.048 nm, rlist 1.048 nm

The average pressure is off by at most 2.17 bar due to missing LJ interactions

Using full Lennard-Jones parameter combination matrix
Removing pbc first time

Linking all bonded interactions to atoms


Initializing Parallel LINear Constraint Solver

++++ PLEASE READ AND CITE THE FOLLOWING REFERENCE ++++
B. Hess
P-LINCS: A Parallel Linear Constraint Solver for molecular simulation
J. Chem. Theory Comput. 4 (2008) pp. 116-122
-------- -------- --- Thank You --- -------- --------

The number of constraints is 22285
There are constraints between atoms in different decomposition domains,
will communicate selected coordinates each lincs iteration

++++ PLEASE READ AND CITE THE FOLLOWING REFERENCE ++++
S. Miyamoto and P. A. Kollman
SETTLE: An Analytical Version of the SHAKE and RATTLE Algorithms for Rigid
Water Models
J. Comp. Chem. 13 (1992) pp. 952-962
-------- -------- --- Thank You --- -------- --------


The -noconfout functionality is deprecated, and may be removed in a future version.

Intra-simulation communication will occur every 10 steps.

++++ PLEASE READ AND CITE THE FOLLOWING REFERENCE ++++
H. J. C. Berendsen, J. P. M. Postma, A. DiNola and J. R. Haak
Molecular dynamics with coupling to an external bath
J. Chem. Phys. 81 (1984) pp. 3684-3690
-------- -------- --- Thank You --- -------- --------

There are: 81743 Atoms
Atom distribution over 32 domains: av 2554 stddev 629 min 1596 max 3207

Constraining the starting coordinates (step 0)

Constraining the coordinates at t0-dt (step 0)
Center of mass motion removal mode is Linear
We have the following groups for center of mass motion removal:
  0:  rest
RMS relative constraint deviation after constraining: 6.74e-06
Initial temperature: 301.849 K

Started mdrun on rank 0 Fri Jul 10 12:41:28 2026

           Step           Time
              0        0.00000

   Energies (kJ/mol)
          Angle    Proper Dih. Ryckaert-Bell.  Improper Dih.          LJ-14
    5.36318e+04    1.72954e+04    1.37537e+04    5.80913e+03    2.73783e+04
     Coulomb-14        LJ (SR)   Coulomb (SR)   Coul. recip.      Potential
    9.80264e+04    4.92496e+04   -1.56494e+06    1.19682e+04   -1.28782e+06
    Kinetic En.   Total Energy  Conserved En.    Temperature Pressure (bar)
    2.05439e+05   -1.08238e+06   -1.08243e+06    3.01998e+02    4.12965e+02
   Constr. rmsd
    1.53821e-05


DD  step 79 load imb.: force 27.5%  pme mesh/force 0.790

step 160 Turning on dynamic load balancing, because the performance loss due to load imbalance is 18.7 %.
step 92800 Turning off dynamic load balancing, because it is degrading performance.
Atom distribution over 32 domains: av 2554 stddev 631 min 1566 max 3231
step 112000 Turning on dynamic load balancing, because the performance loss due to load imbalance is 2.0 %.
step 339200 Turning off dynamic load balancing, because it is degrading performance.
Atom distribution over 32 domains: av 2554 stddev 638 min 1518 max 3226
Writing checkpoint, step 367360 at Fri Jul 10 12:56:28 2026



DD  step 499999 load imb.: force 29.8%  pme mesh/force 0.704
           Step           Time
         500000     1000.00000

   Energies (kJ/mol)
          Angle    Proper Dih. Ryckaert-Bell.  Improper Dih.          LJ-14
    5.14657e+04    1.75178e+04    1.40062e+04    5.87817e+03    2.59389e+04
     Coulomb-14        LJ (SR)   Coulomb (SR)   Coul. recip.      Potential
    9.66912e+04    4.90572e+04   -1.56833e+06    1.16804e+04   -1.29609e+06
    Kinetic En.   Total Energy  Conserved En.    Temperature Pressure (bar)
    2.05094e+05   -1.09100e+06   -1.13878e+06    3.01492e+02    1.14212e+02
   Constr. rmsd
    1.59105e-05


Energy conservation over simulation part #1 of length 1000 ps, time 0 to 1000 ps
  Conserved energy drift: -6.89e-04 kJ/mol/ps per atom


	<======  ###############  ==>
	<====  A V E R A G E S  ====>
	<==  ###############  ======>

	Statistics over 500001 steps using 5001 frames

   Energies (kJ/mol)
          Angle    Proper Dih. Ryckaert-Bell.  Improper Dih.          LJ-14
    5.20106e+04    1.77635e+04    1.37189e+04    5.80106e+03    2.60521e+04
     Coulomb-14        LJ (SR)   Coulomb (SR)   Coul. recip.      Potential
    9.69529e+04    4.72528e+04   -1.56573e+06    1.15778e+04   -1.29460e+06
    Kinetic En.   Total Energy  Conserved En.    Temperature Pressure (bar)
    2.04068e+05   -1.09053e+06   -1.11062e+06    2.99983e+02    1.26712e+00
   Constr. rmsd
    0.00000e+00

          Box-X          Box-Y          Box-Z
    1.07854e+01    1.01812e+01    9.54923e+00

   Total Virial (kJ/mol)
    6.88910e+04    1.55370e+02    7.38666e+01
    1.55362e+02    6.93563e+04    2.63462e+01
    7.20707e+01    2.47873e+01    6.57011e+04

   Pressure (bar)
   -1.41344e+00   -4.38239e+00   -1.87540e-01
   -4.38215e+00   -1.68987e+01   -2.06792e-02
   -1.30661e-01    2.86978e-02    2.21135e+01


	M E G A - F L O P S   A C C O U N T I N G

 NB=Group-cutoff nonbonded kernels    NxN=N-by-N cluster Verlet kernels
 RF=Reaction-Field  VdW=Van der Waals  QSTab=quadratic-spline table
 W3=SPC/TIP3p  W4=TIP4p (single or pairs)
 V&F=Potential and force  V=Potential only  F=Force only

 Computing:                               M-Number         M-Flops  % Flops
-----------------------------------------------------------------------------
 Pair Search distance check          203052.044240     1827468.398     0.1
 NxN Ewald Elec. + LJ [F]          11945008.404528   788370554.699    50.7
 NxN Ewald Elec. + LJ [V&F]          120681.896464    12912962.922     0.8
 NxN LJ [F]                         1250802.504064    41276482.634     2.7
 NxN LJ [V&F]                         12637.063424      543393.727     0.0
 NxN Ewald Elec. [F]                8801224.304208   536874682.557    34.5
 NxN Ewald Elec. [V&F]                88918.616336     7469163.772     0.5
 1,4 nonbonded interactions           11578.023156     1042022.084     0.1
 Calc Weights                        122614.745229     4414130.828     0.3
 Spread Q Bspline                   2615781.231552     5231562.463     0.3
 Gather F Bspline                   2615781.231552    15694687.389     1.0
 3D-FFT                            14370981.741906   114967853.935     7.4
 Solve PME                           188928.377856    12091416.183     0.8
 Reset In Box                           510.812007        1532.436     0.0
 CG-CoM                                 511.057236        1533.172     0.0
 Angles                               14180.528361     2382328.765     0.2
 Propers                               5555.511111     1272212.044     0.1
 Impropers                             2732.005464      568257.137     0.0
 RB-Dihedrals                          3116.506233      769777.040     0.0
 Virial                                4159.233183       74866.197     0.0
 Stop-CM                                408.878486        4088.785     0.0
 P-Coupling                            4087.231743       24523.390     0.0
 Calc-Ekin                             8174.463486      220710.514     0.0
 Lincs                                16670.435552     1000226.133     0.1
 Lincs-Mat                           251911.324692     1007645.299     0.1
 Constraint-V                         66345.591964      597110.328     0.0
 Constraint-Vir                        4967.598416      119222.362     0.0
 Settle                               11001.617756     4070598.570     0.3
-----------------------------------------------------------------------------
 Total                                              1554831013.763   100.0
-----------------------------------------------------------------------------


    D O M A I N   D E C O M P O S I T I O N   S T A T I S T I C S

 av. #atoms communicated per step for force:  2 x 134707.6
 av. #atoms communicated per step for LINCS:  2 x 18787.8


Dynamic load balancing report:
 DLB was off during the run due to low measured imbalance.
 Average load imbalance: 2.4%.
 The balanceable part of the MD step is 81%, load imbalance is computed from this.
 Part of the total run time spent waiting due to load imbalance: 1.9%.
 Average PME mesh/force load: 0.812
 Part of the total run time spent waiting due to PP/PME imbalance: 5.2 %

NOTE: 5.2 % performance was lost because the PME ranks
      had less work to do than the PP ranks.
      You might want to decrease the number of PME ranks
      or decrease the cut-off and the grid spacing.


      R E A L   C Y C L E   A N D   T I M E   A C C O U N T I N G

On 32 MPI ranks doing PP, and
on 16 MPI ranks doing PME

 Activity:              Num   Num      Call    Wall time         Giga-Cycles
                        Ranks Threads  Count      (s)         total sum    %
--------------------------------------------------------------------------------
 Domain decomp.           32    1       6251      17.020       1141.051   0.9
 DD comm. load            32    1       4024       0.183         12.293   0.0
 DD comm. bounds          32    1       3998       0.357         23.965   0.0
 Send X to PME            32    1     500001       3.252        217.988   0.2
 Neighbor search          32    1       6251      26.383       1768.796   1.4
 Comm. coord.             32    1     493750      32.068       2149.883   1.7
 Force                    32    1     500001     877.571      58834.191  45.7
 Wait + Comm. F           32    1     500001      84.525       5666.703   4.4
 PME mesh *               16    1     500001     777.999      26079.327  20.3
 PME wait for PP *                               502.311      16837.988  13.1
 Wait + Recv. PME F       32    1     500001      11.472        769.118   0.6
 NB X/F buffer ops.       32    1    1487501      22.329       1496.951   1.2
 Write traj.              32    1          1       0.003          0.198   0.0
 Update                   32    1     500001       4.915        329.515   0.3
 Constraints              32    1     500003     189.761      12721.971   9.9
 Comm. energies           32    1      50001       7.192        482.138   0.4
 Rest                                              3.286        220.290   0.2
--------------------------------------------------------------------------------
 Total                                          1280.316     128752.579 100.0
--------------------------------------------------------------------------------
(*) Note that with separate PME ranks, the walltime column actually sums to
    twice the total reported, but the cycle count total and % are correct.
--------------------------------------------------------------------------------
 Breakdown of PME mesh activities
--------------------------------------------------------------------------------
 PME redist. X/F          16    1    1000002      97.058       3253.488   2.5
 PME spread               16    1     500001     180.478       6049.820   4.7
 PME gather               16    1     500001     154.357       5174.195   4.0
 PME 3D-FFT               16    1    1000002     247.449       8294.754   6.4
 PME 3D-FFT Comm.         16    1    1000002      76.303       2557.742   2.0
 PME solve Elec           16    1     500001      21.615        724.555   0.6
--------------------------------------------------------------------------------

               Core t (s)   Wall t (s)        (%)
       Time:    61455.034     1280.316     4800.0
                 (ns/day)    (hour/ns)
Performance:       67.483        0.356
Finished mdrun on rank 0 Fri Jul 10 13:02:48 2026

