This is pdfTeX, Version 3.141592653-2.6-1.40.29 (TeX Live 2026/Arch Linux) (preloaded format=pdflatex 2026.6.9)  14 JUL 2026 13:05
entering extended mode
 restricted \write18 enabled.
 %&-line parsing enabled.
**Report.tex
(./Report.tex
LaTeX2e <2025-11-01>
L3 programming layer <2026-01-19>
(/usr/share/texmf-dist/tex/latex/base/article.cls
Document Class: article 2025/01/22 v1.4n Standard LaTeX document class
(/usr/share/texmf-dist/tex/latex/base/size10.clo
File: size10.clo 2025/01/22 v1.4n Standard LaTeX file (size option)
)
\c@part=\count275
\c@section=\count276
\c@subsection=\count277
\c@subsubsection=\count278
\c@paragraph=\count279
\c@subparagraph=\count280
\c@figure=\count281
\c@table=\count282
\abovecaptionskip=\skip49
\belowcaptionskip=\skip50
\bibindent=\dimen148
)
(/usr/share/texmf-dist/tex/latex/xcolor/xcolor.sty
Package: xcolor 2024/09/29 v3.02 LaTeX color extensions (UK)

(/usr/share/texmf-dist/tex/latex/graphics-cfg/color.cfg
File: color.cfg 2016/01/02 v1.6 sample color configuration
)
Package xcolor Info: Driver file: pdftex.def on input line 274.

(/usr/share/texmf-dist/tex/latex/graphics-def/pdftex.def
File: pdftex.def 2025/09/29 v1.2d Graphics/color driver for pdftex
)
(/usr/share/texmf-dist/tex/latex/graphics/mathcolor.ltx)
Package xcolor Info: Model `cmy' substituted by `cmy0' on input line 1349.
Package xcolor Info: Model `hsb' substituted by `rgb' on input line 1353.
Package xcolor Info: Model `RGB' extended on input line 1365.
Package xcolor Info: Model `HTML' substituted by `rgb' on input line 1367.
Package xcolor Info: Model `Hsb' substituted by `hsb' on input line 1368.
Package xcolor Info: Model `tHsb' substituted by `hsb' on input line 1369.
Package xcolor Info: Model `HSB' substituted by `hsb' on input line 1370.
Package xcolor Info: Model `Gray' substituted by `gray' on input line 1371.
Package xcolor Info: Model `wave' substituted by `hsb' on input line 1372.
)
(/usr/share/texmf-dist/tex/latex/amsmath/amsmath.sty
Package: amsmath 2025/07/09 v2.17z AMS math features
\@mathmargin=\skip51

For additional information on amsmath, use the `?' option.
(/usr/share/texmf-dist/tex/latex/amsmath/amstext.sty
Package: amstext 2024/11/17 v2.01 AMS text

(/usr/share/texmf-dist/tex/latex/amsmath/amsgen.sty
File: amsgen.sty 1999/11/30 v2.0 generic functions
\@emptytoks=\toks17
\ex@=\dimen149
))
(/usr/share/texmf-dist/tex/latex/amsmath/amsbsy.sty
Package: amsbsy 1999/11/29 v1.2d Bold Symbols
\pmbraise@=\dimen150
)
(/usr/share/texmf-dist/tex/latex/amsmath/amsopn.sty
Package: amsopn 2022/04/08 v2.04 operator names
)
\inf@bad=\count283
LaTeX Info: Redefining \frac on input line 233.
\uproot@=\count284
\leftroot@=\count285
LaTeX Info: Redefining \overline on input line 398.
LaTeX Info: Redefining \colon on input line 409.
\classnum@=\count286
\DOTSCASE@=\count287
LaTeX Info: Redefining \ldots on input line 495.
LaTeX Info: Redefining \dots on input line 498.
LaTeX Info: Redefining \cdots on input line 619.
\Mathstrutbox@=\box53
\strutbox@=\box54
LaTeX Info: Redefining \big on input line 721.
LaTeX Info: Redefining \Big on input line 722.
LaTeX Info: Redefining \bigg on input line 723.
LaTeX Info: Redefining \Bigg on input line 724.
\big@size=\dimen151
LaTeX Font Info:    Redeclaring font encoding OML on input line 742.
LaTeX Font Info:    Redeclaring font encoding OMS on input line 743.
\macc@depth=\count288
LaTeX Info: Redefining \bmod on input line 904.
LaTeX Info: Redefining \pmod on input line 909.
LaTeX Info: Redefining \smash on input line 939.
LaTeX Info: Redefining \relbar on input line 969.
LaTeX Info: Redefining \Relbar on input line 970.
\c@MaxMatrixCols=\count289
\dotsspace@=\muskip17
\c@parentequation=\count290
\dspbrk@lvl=\count291
\tag@help=\toks18
\row@=\count292
\column@=\count293
\maxfields@=\count294
\andhelp@=\toks19
\eqnshift@=\dimen152
\alignsep@=\dimen153
\tagshift@=\dimen154
\tagwidth@=\dimen155
\totwidth@=\dimen156
\lineht@=\dimen157
\@envbody=\toks20
\multlinegap=\skip52
\multlinetaggap=\skip53
\mathdisplay@stack=\toks21
LaTeX Info: Redefining \[ on input line 2950.
LaTeX Info: Redefining \] on input line 2951.
)
(/usr/share/texmf-dist/tex/latex/amsfonts/amssymb.sty
Package: amssymb 2013/01/14 v3.01 AMS font symbols

(/usr/share/texmf-dist/tex/latex/amsfonts/amsfonts.sty
Package: amsfonts 2013/01/14 v3.01 Basic AMSFonts support
\symAMSa=\mathgroup4
\symAMSb=\mathgroup5
LaTeX Font Info:    Redeclaring math symbol \hbar on input line 98.
LaTeX Font Info:    Overwriting math alphabet `\mathfrak' in version `bold'
(Font)                  U/euf/m/n --> U/euf/b/n on input line 106.
))
(/usr/share/texmf-dist/tex/generic/iftex/iftex.sty
Package: iftex 2024/12/12 v1.0g TeX engine tests
)
(/usr/share/texmf-dist/tex/latex/base/fontenc.sty
Package: fontenc 2025/07/18 v2.1d Standard LaTeX package
)
(/usr/share/texmf-dist/tex/latex/base/inputenc.sty
Package: inputenc 2024/02/08 v1.3d Input encoding file
\inpenc@prehook=\toks22
\inpenc@posthook=\toks23
)
(/usr/share/texmf-dist/tex/latex/base/textcomp.sty
Package: textcomp 2024/04/24 v2.1b Standard LaTeX package
)
(/usr/share/texmf-dist/tex/latex/lm/lmodern.sty
Package: lmodern 2015/05/01 v1.6.1 Latin Modern Fonts
LaTeX Font Info:    Overwriting symbol font `operators' in version `normal'
(Font)                  OT1/cmr/m/n --> OT1/lmr/m/n on input line 22.
LaTeX Font Info:    Overwriting symbol font `letters' in version `normal'
(Font)                  OML/cmm/m/it --> OML/lmm/m/it on input line 23.
LaTeX Font Info:    Overwriting symbol font `symbols' in version `normal'
(Font)                  OMS/cmsy/m/n --> OMS/lmsy/m/n on input line 24.
LaTeX Font Info:    Overwriting symbol font `largesymbols' in version `normal'
(Font)                  OMX/cmex/m/n --> OMX/lmex/m/n on input line 25.
LaTeX Font Info:    Overwriting symbol font `operators' in version `bold'
(Font)                  OT1/cmr/bx/n --> OT1/lmr/bx/n on input line 26.
LaTeX Font Info:    Overwriting symbol font `letters' in version `bold'
(Font)                  OML/cmm/b/it --> OML/lmm/b/it on input line 27.
LaTeX Font Info:    Overwriting symbol font `symbols' in version `bold'
(Font)                  OMS/cmsy/b/n --> OMS/lmsy/b/n on input line 28.
LaTeX Font Info:    Overwriting symbol font `largesymbols' in version `bold'
(Font)                  OMX/cmex/m/n --> OMX/lmex/m/n on input line 29.
LaTeX Font Info:    Overwriting math alphabet `\mathbf' in version `normal'
(Font)                  OT1/cmr/bx/n --> OT1/lmr/bx/n on input line 31.
LaTeX Font Info:    Overwriting math alphabet `\mathsf' in version `normal'
(Font)                  OT1/cmss/m/n --> OT1/lmss/m/n on input line 32.
LaTeX Font Info:    Overwriting math alphabet `\mathit' in version `normal'
(Font)                  OT1/cmr/m/it --> OT1/lmr/m/it on input line 33.
LaTeX Font Info:    Overwriting math alphabet `\mathtt' in version `normal'
(Font)                  OT1/cmtt/m/n --> OT1/lmtt/m/n on input line 34.
LaTeX Font Info:    Overwriting math alphabet `\mathbf' in version `bold'
(Font)                  OT1/cmr/bx/n --> OT1/lmr/bx/n on input line 35.
LaTeX Font Info:    Overwriting math alphabet `\mathsf' in version `bold'
(Font)                  OT1/cmss/bx/n --> OT1/lmss/bx/n on input line 36.
LaTeX Font Info:    Overwriting math alphabet `\mathit' in version `bold'
(Font)                  OT1/cmr/bx/it --> OT1/lmr/bx/it on input line 37.
LaTeX Font Info:    Overwriting math alphabet `\mathtt' in version `bold'
(Font)                  OT1/cmtt/m/n --> OT1/lmtt/m/n on input line 38.
)
(/usr/share/texmf-dist/tex/latex/upquote/upquote.sty
Package: upquote 2012/04/19 v1.3 upright-quote and grave-accent glyphs in verba
tim
)
(/usr/share/texmf-dist/tex/latex/microtype/microtype.sty
Package: microtype 2026/03/01 v3.2d Micro-typographical refinements (RS)

(/usr/share/texmf-dist/tex/latex/graphics/keyval.sty
Package: keyval 2022/05/29 v1.15 key=value parser (DPC)
\KV@toks@=\toks24
)
(/usr/share/texmf-dist/tex/latex/etoolbox/etoolbox.sty
Package: etoolbox 2025/10/02 v2.5m e-TeX tools for LaTeX (JAW)
\etb@tempcnta=\count295
)
\MT@toks=\toks25
\MT@tempbox=\box55
\MT@count=\count296
LaTeX Info: Redefining \noprotrusionifhmode on input line 1084.
LaTeX Info: Redefining \leftprotrusion on input line 1085.
\MT@prot@toks=\toks26
LaTeX Info: Redefining \rightprotrusion on input line 1104.
LaTeX Info: Redefining \textls on input line 1449.
\MT@outer@kern=\dimen158
LaTeX Info: Redefining \microtypecontext on input line 2053.
LaTeX Info: Redefining \textmicrotypecontext on input line 2070.
\MT@listname@count=\count297

(/usr/share/texmf-dist/tex/latex/microtype/microtype-pdftex.def
File: microtype-pdftex.def 2026/03/01 v3.2d Definitions specific to pdftex (RS)

LaTeX Info: Redefining \lsstyle on input line 944.
LaTeX Info: Redefining \lslig on input line 944.
\MT@outer@space=\skip54
)
Package microtype Info: Loading configuration file microtype.cfg.

(/usr/share/texmf-dist/tex/latex/microtype/microtype.cfg
File: microtype.cfg 2026/03/01 v3.2d microtype main configuration file (RS)
)
LaTeX Info: Redefining \microtypesetup on input line 3065.
)
(/usr/share/texmf-dist/tex/latex/parskip/parskip.sty
Package: parskip 2021-03-14 v2.0h non-zero parskip adjustments

(/usr/share/texmf-dist/tex/latex/kvoptions/kvoptions.sty
Package: kvoptions 2022-06-15 v3.15 Key value format for package options (HO)

(/usr/share/texmf-dist/tex/generic/ltxcmds/ltxcmds.sty
Package: ltxcmds 2023-12-04 v1.26 LaTeX kernel commands for general use (HO)
)
(/usr/share/texmf-dist/tex/latex/kvsetkeys/kvsetkeys.sty
Package: kvsetkeys 2022-10-05 v1.19 Key value parser (HO)
)))
(/usr/share/texmf-dist/tex/latex/tools/longtable.sty
Package: longtable 2025-10-13 v4.24 Multi-page Table package (DPC)
\LTleft=\skip55
\LTright=\skip56
\LTpre=\skip57
\LTpost=\skip58
\LTchunksize=\count298
\LTcapwidth=\dimen159
\LT@head=\box56
\LT@firsthead=\box57
\LT@foot=\box58
\LT@lastfoot=\box59
\LT@gbox=\box60
\LT@cols=\count299
\LT@rows=\count300
\c@LT@tables=\count301
\c@LT@chunks=\count302
\LT@p@ftn=\toks27
)
(/usr/share/texmf-dist/tex/latex/booktabs/booktabs.sty
Package: booktabs 2020/01/12 v1.61803398 Publication quality tables
\heavyrulewidth=\dimen160
\lightrulewidth=\dimen161
\cmidrulewidth=\dimen162
\belowrulesep=\dimen163
\belowbottomsep=\dimen164
\aboverulesep=\dimen165
\abovetopsep=\dimen166
\cmidrulesep=\dimen167
\cmidrulekern=\dimen168
\defaultaddspace=\dimen169
\@cmidla=\count303
\@cmidlb=\count304
\@aboverulesep=\dimen170
\@belowrulesep=\dimen171
\@thisruleclass=\count305
\@lastruleclass=\count306
\@thisrulewidth=\dimen172
)
(/usr/share/texmf-dist/tex/latex/tools/array.sty
Package: array 2025/09/25 v2.6n Tabular extension package (FMi)
\col@sep=\dimen173
\ar@mcellbox=\box61
\extrarowheight=\dimen174
\NC@list=\toks28
\extratabsurround=\skip59
\backup@length=\skip60
\ar@cellbox=\box62
)
(/usr/share/texmf-dist/tex/latex/tools/calc.sty
Package: calc 2025/03/01 v4.3b Infix arithmetic (KKT,FJ)
\calc@Acount=\count307
\calc@Bcount=\count308
\calc@Adimen=\dimen175
\calc@Bdimen=\dimen176
\calc@Askip=\skip61
\calc@Bskip=\skip62
LaTeX Info: Redefining \setlength on input line 86.
LaTeX Info: Redefining \addtolength on input line 87.
\calc@Ccount=\count309
\calc@Cskip=\skip63
)
(/usr/share/texmf-dist/tex/latex/footnotehyper/footnotehyper.sty
Package: footnotehyper 2025/11/15 v1.1f hyperref aware footnote.sty (JFB)
\FNH@notes=\box63
\FNH@width=\dimen177
\FNH@toks=\toks29
)
(/usr/share/texmf-dist/tex/latex/graphics/graphicx.sty
Package: graphicx 2024/12/31 v1.2e Enhanced LaTeX Graphics (DPC,SPQR)

(/usr/share/texmf-dist/tex/latex/graphics/graphics.sty
Package: graphics 2024/08/06 v1.4g Standard LaTeX Graphics (DPC,SPQR)

(/usr/share/texmf-dist/tex/latex/graphics/trig.sty
Package: trig 2023/12/02 v1.11 sin cos tan (DPC)
)
(/usr/share/texmf-dist/tex/latex/graphics-cfg/graphics.cfg
File: graphics.cfg 2016/06/04 v1.11 sample graphics configuration
)
Package graphics Info: Driver file: pdftex.def on input line 106.
)
\Gin@req@height=\dimen178
\Gin@req@width=\dimen179
)
\pandoc@box=\box64

(/usr/share/texmf-dist/tex/latex/bookmark/bookmark.sty
Package: bookmark 2023-12-10 v1.31 PDF bookmarks (HO)

(/usr/share/texmf-dist/tex/latex/hyperref/hyperref.sty
Package: hyperref 2026-01-29 v7.01p Hypertext links for LaTeX

(/usr/share/texmf-dist/tex/generic/kvdefinekeys/kvdefinekeys.sty
Package: kvdefinekeys 2019-12-19 v1.6 Define keys (HO)
)
(/usr/share/texmf-dist/tex/generic/pdfescape/pdfescape.sty
Package: pdfescape 2019/12/09 v1.15 Implements pdfTeX's escape features (HO)

(/usr/share/texmf-dist/tex/generic/pdftexcmds/pdftexcmds.sty
Package: pdftexcmds 2020-06-27 v0.33 Utility functions of pdfTeX for LuaTeX (HO
)

(/usr/share/texmf-dist/tex/generic/infwarerr/infwarerr.sty
Package: infwarerr 2019/12/03 v1.5 Providing info/warning/error messages (HO)
)
Package pdftexcmds Info: \pdf@primitive is available.
Package pdftexcmds Info: \pdf@ifprimitive is available.
Package pdftexcmds Info: \pdfdraftmode found.
))
(/usr/share/texmf-dist/tex/latex/hycolor/hycolor.sty
Package: hycolor 2020-01-27 v1.10 Color options for hyperref/bookmark (HO)
)
(/usr/share/texmf-dist/tex/latex/hyperref/nameref.sty
Package: nameref 2026-01-29 v2.58 Cross-referencing by name of section

(/usr/share/texmf-dist/tex/latex/refcount/refcount.sty
Package: refcount 2019/12/15 v3.6 Data extraction from label references (HO)
)
(/usr/share/texmf-dist/tex/generic/gettitlestring/gettitlestring.sty
Package: gettitlestring 2019/12/15 v1.6 Cleanup title references (HO)
)
\c@section@level=\count310
)
(/usr/share/texmf-dist/tex/generic/stringenc/stringenc.sty
Package: stringenc 2019/11/29 v1.12 Convert strings between diff. encodings (HO
)
)
\@linkdim=\dimen180
\Hy@linkcounter=\count311
\Hy@pagecounter=\count312

(/usr/share/texmf-dist/tex/latex/hyperref/pd1enc.def
File: pd1enc.def 2026-01-29 v7.01p Hyperref: PDFDocEncoding definition (HO)
Now handling font encoding PD1 ...
... no UTF-8 mapping file for font encoding PD1
)
(/usr/share/texmf-dist/tex/generic/intcalc/intcalc.sty
Package: intcalc 2019/12/15 v1.3 Expandable calculations with integers (HO)
)
\Hy@SavedSpaceFactor=\count313

(/usr/share/texmf-dist/tex/latex/hyperref/puenc.def
File: puenc.def 2026-01-29 v7.01p Hyperref: PDF Unicode definition (HO)
Now handling font encoding PU ...
... no UTF-8 mapping file for font encoding PU
)
Package hyperref Info: Option `unicode' set `true' on input line 4072.
Package hyperref Info: Hyper figures OFF on input line 4201.
Package hyperref Info: Link nesting OFF on input line 4206.
Package hyperref Info: Hyper index ON on input line 4209.
Package hyperref Info: Plain pages OFF on input line 4216.
Package hyperref Info: Backreferencing OFF on input line 4221.
Package hyperref Info: Implicit mode ON; LaTeX internals redefined.
Package hyperref Info: Bookmarks ON on input line 4468.
\c@Hy@tempcnt=\count314

(/usr/share/texmf-dist/tex/latex/url/url.sty
\Urlmuskip=\muskip18
Package: url 2013/09/16  ver 3.4  Verb mode for urls, etc.
)
LaTeX Info: Redefining \url on input line 4807.
\XeTeXLinkMargin=\dimen181

(/usr/share/texmf-dist/tex/generic/bitset/bitset.sty
Package: bitset 2019/12/09 v1.3 Handle bit-vector datatype (HO)

(/usr/share/texmf-dist/tex/generic/bigintcalc/bigintcalc.sty
Package: bigintcalc 2019/12/15 v1.5 Expandable calculations on big integers (HO
)
))
\Fld@menulength=\count315
\Field@Width=\dimen182
\Fld@charsize=\dimen183
Package hyperref Info: Hyper figures OFF on input line 6084.
Package hyperref Info: Link nesting OFF on input line 6089.
Package hyperref Info: Hyper index ON on input line 6092.
Package hyperref Info: backreferencing OFF on input line 6099.
Package hyperref Info: Link coloring OFF on input line 6104.
Package hyperref Info: Link coloring with OCG OFF on input line 6109.
Package hyperref Info: PDF/A mode OFF on input line 6114.
\Hy@abspage=\count316
\c@Item=\count317
\c@Hfootnote=\count318
)
Package hyperref Info: Driver (autodetected): hpdftex.

(/usr/share/texmf-dist/tex/latex/hyperref/hpdftex.def
File: hpdftex.def 2026-01-29 v7.01p Hyperref driver for pdfTeX
\Fld@listcount=\count319
\c@bookmark@seq@number=\count320

(/usr/share/texmf-dist/tex/latex/rerunfilecheck/rerunfilecheck.sty
Package: rerunfilecheck 2025-06-21 v1.11 Rerun checks for auxiliary files (HO)

(/usr/share/texmf-dist/tex/generic/uniquecounter/uniquecounter.sty
Package: uniquecounter 2019/12/15 v1.4 Provide unlimited unique counter (HO)
)
Package uniquecounter Info: New unique counter `rerunfilecheck' on input line 2
84.
)
\Hy@SectionHShift=\skip64
)
(/usr/share/texmf-dist/tex/latex/bookmark/bkm-pdftex.def
File: bkm-pdftex.def 2023-12-10 v1.31 bookmark driver for pdfTeX and luaTeX (HO
)
\BKM@id=\count321
))
(/usr/share/texmf-dist/tex/latex/xurl/xurl.sty
Package: xurl 2022/01/09 v 0.10 modify URL breaks
)
LaTeX Font Info:    Trying to load font information for T1+lmr on input line 79
.

(/usr/share/texmf-dist/tex/latex/lm/t1lmr.fd
File: t1lmr.fd 2015/05/01 v1.6.1 Font defs for Latin Modern
)
(/usr/share/texmf-dist/tex/latex/l3backend/l3backend-pdftex.def
File: l3backend-pdftex.def 2025-10-09 L3 backend support: PDF output (pdfTeX)
\l__color_backend_stack_int=\count322
) (./Report.aux)
\openout1 = `Report.aux'.

LaTeX Font Info:    Checking defaults for OML/cmm/m/it on input line 79.
LaTeX Font Info:    ... okay on input line 79.
LaTeX Font Info:    Checking defaults for OMS/cmsy/m/n on input line 79.
LaTeX Font Info:    ... okay on input line 79.
LaTeX Font Info:    Checking defaults for OT1/cmr/m/n on input line 79.
LaTeX Font Info:    ... okay on input line 79.
LaTeX Font Info:    Checking defaults for T1/cmr/m/n on input line 79.
LaTeX Font Info:    ... okay on input line 79.
LaTeX Font Info:    Checking defaults for TS1/cmr/m/n on input line 79.
LaTeX Font Info:    ... okay on input line 79.
LaTeX Font Info:    Checking defaults for OMX/cmex/m/n on input line 79.
LaTeX Font Info:    ... okay on input line 79.
LaTeX Font Info:    Checking defaults for U/cmr/m/n on input line 79.
LaTeX Font Info:    ... okay on input line 79.
LaTeX Font Info:    Checking defaults for PD1/pdf/m/n on input line 79.
LaTeX Font Info:    ... okay on input line 79.
LaTeX Font Info:    Checking defaults for PU/pdf/m/n on input line 79.
LaTeX Font Info:    ... okay on input line 79.
(/usr/share/texmf-dist/tex/context/base/mkii/supp-pdf.mkii
[Loading MPS to PDF converter (version 2006.09.02).]
\scratchcounter=\count323
\scratchdimen=\dimen184
\scratchbox=\box65
\nofMPsegments=\count324
\nofMParguments=\count325
\everyMPshowfont=\toks30
\MPscratchCnt=\count326
\MPscratchDim=\dimen185
\MPnumerator=\count327
\makeMPintoPDFobject=\count328
\everyMPtoPDFconversion=\toks31
) (/usr/share/texmf-dist/tex/latex/epstopdf-pkg/epstopdf-base.sty
Package: epstopdf-base 2020-01-24 v2.11 Base part for package epstopdf
Package epstopdf-base Info: Redefining graphics rule for `.eps' on input line 4
85.

(/usr/share/texmf-dist/tex/latex/latexconfig/epstopdf-sys.cfg
File: epstopdf-sys.cfg 2010/07/13 v1.3 Configuration of (r)epstopdf for TeX Liv
e
))
LaTeX Info: Redefining \microtypecontext on input line 79.
Package microtype Info: Applying patch `item' on input line 79.
Package microtype Info: Applying patch `toc' on input line 79.
Package microtype Info: Applying patch `eqnum' on input line 79.
Package microtype Info: Applying patch `footnote' on input line 79.
Package microtype Info: Applying patch `verbatim' on input line 79.
LaTeX Info: Redefining \microtypesetup on input line 79.
Package microtype Info: Generating PDF output.
Package microtype Info: Character protrusion enabled (level 2).
Package microtype Info: Using protrusion set `basicmath'.
Package microtype Info: Automatic font expansion enabled (level 2),
(microtype)             stretch: 20, shrink: 20, step: 1, non-selected.
Package microtype Info: Using default expansion set `alltext-nott'.
Package microtype Info: Patching command `\showhyphens'.
Package microtype Info: No adjustment of tracking.
Package microtype Info: No adjustment of interword spacing.
Package microtype Info: No adjustment of character kerning.

(/usr/share/texmf-dist/tex/latex/microtype/mt-cmr.cfg
File: mt-cmr.cfg 2013/05/19 v2.2 microtype config. file: Computer Modern Roman 
(RS)
)
Package hyperref Info: Link coloring OFF on input line 79.
LaTeX Font Info:    Trying to load font information for TS1+lmr on input line 9
2.

(/usr/share/texmf-dist/tex/latex/lm/ts1lmr.fd
File: ts1lmr.fd 2015/05/01 v1.6.1 Font defs for Latin Modern
)
LaTeX Font Info:    Trying to load font information for T1+lmtt on input line 9
3.

(/usr/share/texmf-dist/tex/latex/lm/t1lmtt.fd
File: t1lmtt.fd 2015/05/01 v1.6.1 Font defs for Latin Modern
)
Underfull \hbox (badness 10000) in paragraph at lines 92--94
[]\T1/lmr/bx/n/10 (+20) Path: \T1/lmtt/m/n/10 abinit/v2/fullPEAK-scaling-071020
26-152428/timing_
 []


Overfull \hbox (0.93591pt too wide) in paragraph at lines 109--110
[]\T1/lmr/m/n/10 (-20) Config  
 []


Overfull \hbox (5.16837pt too wide) in paragraph at lines 115--116
[]\T1/lmr/m/n/10 (-20) PEAK?  
 []


Overfull \hbox (6.57117pt too wide) in paragraph at lines 117--118
[]\T1/lmr/m/n/10 (-20) Elapsed 
 []


Overfull \hbox (4.66951pt too wide) in paragraph at lines 127--127
\T1/lmtt/m/n/10 nopeak|  
 []


Overfull \hbox (7.46956pt too wide) in paragraph at lines 128--129
[]|\T1/lmr/m/n/10 (-20) 3294914|  
 []


Overfull \hbox (4.66951pt too wide) in paragraph at lines 129--129
\T1/lmtt/m/n/10 nopeak|  
 []


Overfull \hbox (7.46956pt too wide) in paragraph at lines 130--131
[]|\T1/lmr/m/n/10 (-20) 3294915|  
 []


Overfull \hbox (4.66951pt too wide) in paragraph at lines 131--131
\T1/lmtt/m/n/10 nopeak|  
 []


Overfull \hbox (7.46956pt too wide) in paragraph at lines 132--133
[]|\T1/lmr/m/n/10 (-20) 3294916|  
 []


Overfull \hbox (4.66951pt too wide) in paragraph at lines 133--133
\T1/lmtt/m/n/10 nopeak|  
 []


Overfull \hbox (7.46956pt too wide) in paragraph at lines 134--135
[]|\T1/lmr/m/n/10 (-20) 3294917|  
 []


Overfull \hbox (4.66951pt too wide) in paragraph at lines 135--135
\T1/lmtt/m/n/10 nopeak|  
 []


Overfull \hbox (7.46956pt too wide) in paragraph at lines 136--137
[]|\T1/lmr/m/n/10 (-20) 3294918|  
 []


Overfull \hbox (4.66951pt too wide) in paragraph at lines 137--137
\T1/lmtt/m/n/10 nopeak|  
 []


Overfull \hbox (7.46956pt too wide) in paragraph at lines 138--139
[]|\T1/lmr/m/n/10 (-20) 3294919|  
 []


Overfull \hbox (7.46956pt too wide) in paragraph at lines 140--141
[]|\T1/lmr/m/n/10 (-20) 3294920|  
 []

<../plots/abinit_fullPEAK-scaling-07102026-152428_dashboard.png, id=4, 1145.479
5pt x 427.1157pt>
File: ../plots/abinit_fullPEAK-scaling-07102026-152428_dashboard.png Graphic fi
le (type png)
<use ../plots/abinit_fullPEAK-scaling-07102026-152428_dashboard.png>
Package pdftex.def Info: ../plots/abinit_fullPEAK-scaling-07102026-152428_dashb
oard.png  used on input line 174.
(pdftex.def)             Requested size: 1145.47672pt x 427.11465pt.
[1

{/var/lib/texmf/fonts/map/pdftex/updmap/pdftex.map}{/usr/share/texmf-dist/fonts
/enc/dvips/lm/lm-ec.enc}{/usr/share/texmf-dist/fonts/enc/dvips/lm/lm-ts1.enc}]
Overfull \hbox (0.93591pt too wide) in paragraph at lines 212--213
[]\T1/lmr/m/n/10 (-20) Config  
 []


Overfull \hbox (5.16837pt too wide) in paragraph at lines 218--219
[]\T1/lmr/m/n/10 (-20) PEAK?  
 []


Overfull \hbox (6.57117pt too wide) in paragraph at lines 220--221
[]\T1/lmr/m/n/10 (-20) Elapsed 
 []


Overfull \hbox (4.66951pt too wide) in paragraph at lines 230--230
\T1/lmtt/m/n/10 nopeak|  
 []


Overfull \hbox (7.46956pt too wide) in paragraph at lines 231--232
[]|\T1/lmr/m/n/10 (-20) 3306688|  
 []


Overfull \hbox (4.66951pt too wide) in paragraph at lines 232--232
\T1/lmtt/m/n/10 nopeak|  
 []


Overfull \hbox (7.46956pt too wide) in paragraph at lines 233--234
[]|\T1/lmr/m/n/10 (-20) 3306689|  
 []


Overfull \hbox (4.66951pt too wide) in paragraph at lines 234--234
\T1/lmtt/m/n/10 nopeak|  
 []


Overfull \hbox (7.46956pt too wide) in paragraph at lines 235--236
[]|\T1/lmr/m/n/10 (-20) 3306690|  
 []


Overfull \hbox (4.66951pt too wide) in paragraph at lines 236--236
\T1/lmtt/m/n/10 nopeak|  
 []


Overfull \hbox (7.46956pt too wide) in paragraph at lines 237--238
[]|\T1/lmr/m/n/10 (-20) 3306691|  
 []


Overfull \hbox (4.66951pt too wide) in paragraph at lines 238--238
\T1/lmtt/m/n/10 nopeak|  
 []


Overfull \hbox (7.46956pt too wide) in paragraph at lines 239--240
[]|\T1/lmr/m/n/10 (-20) 3306692|  
 []


Overfull \hbox (4.66951pt too wide) in paragraph at lines 240--240
\T1/lmtt/m/n/10 nopeak|  
 []


Overfull \hbox (7.46956pt too wide) in paragraph at lines 241--242
[]|\T1/lmr/m/n/10 (-20) 3306693|  
 []


Overfull \hbox (7.46956pt too wide) in paragraph at lines 243--244
[]|\T1/lmr/m/n/10 (-20) 3306694|  
 []

<../plots/qe_fftw_test-scaling-07142026-092819_dashboard.png, id=23, 1145.4795p
t x 427.1157pt>
File: ../plots/qe_fftw_test-scaling-07142026-092819_dashboard.png Graphic file 
(type png)
<use ../plots/qe_fftw_test-scaling-07142026-092819_dashboard.png>
Package pdftex.def Info: ../plots/qe_fftw_test-scaling-07142026-092819_dashboar
d.png  used on input line 277.
(pdftex.def)             Requested size: 1145.47672pt x 427.11465pt.

Overfull \hbox (0.93591pt too wide) in paragraph at lines 311--312
[]\T1/lmr/m/n/10 (-20) Config  
 []


Overfull \hbox (5.16837pt too wide) in paragraph at lines 317--318
[]\T1/lmr/m/n/10 (-20) PEAK?  
 []


Overfull \hbox (6.57117pt too wide) in paragraph at lines 319--320
[]\T1/lmr/m/n/10 (-20) Elapsed 
 []


Overfull \hbox (4.66951pt too wide) in paragraph at lines 329--329
\T1/lmtt/m/n/10 nopeak|  
 []


Overfull \hbox (7.46956pt too wide) in paragraph at lines 330--331
[]|\T1/lmr/m/n/10 (-20) 3303873|  
 []


Overfull \hbox (4.66951pt too wide) in paragraph at lines 331--331
\T1/lmtt/m/n/10 nopeak|  
 []


Overfull \hbox (7.46956pt too wide) in paragraph at lines 332--333
[]|\T1/lmr/m/n/10 (-20) 3303874|  
 []


Overfull \hbox (4.66951pt too wide) in paragraph at lines 333--333
\T1/lmtt/m/n/10 nopeak|  
 []


Overfull \hbox (7.46956pt too wide) in paragraph at lines 334--335
[]|\T1/lmr/m/n/10 (-20) 3303875|  
 []


Overfull \hbox (7.46956pt too wide) in paragraph at lines 336--337
[]|\T1/lmr/m/n/10 (-20) 3303879|  
 []


Overfull \hbox (4.66951pt too wide) in paragraph at lines 337--337
\T1/lmtt/m/n/10 nopeak|  
 []


Overfull \hbox (7.46956pt too wide) in paragraph at lines 338--339
[]|\T1/lmr/m/n/10 (-20) 3303876|  
 []


Overfull \hbox (4.66951pt too wide) in paragraph at lines 339--339
\T1/lmtt/m/n/10 nopeak|  
 []


Overfull \hbox (7.46956pt too wide) in paragraph at lines 340--341
[]|\T1/lmr/m/n/10 (-20) 3303877|  
 []


Overfull \hbox (4.66951pt too wide) in paragraph at lines 341--341
\T1/lmtt/m/n/10 nopeak|  
 []


Overfull \hbox (7.46956pt too wide) in paragraph at lines 342--343
[]|\T1/lmr/m/n/10 (-20) 3303878|  
 []


ignored: Infinite glue shrinkage found in box being split [2]
<../plots/dftb_new_gen-scaling-07132026-145728_dashboard.png, id=34, 1145.4795p
t x 427.1157pt>
File: ../plots/dftb_new_gen-scaling-07132026-145728_dashboard.png Graphic file 
(type png)
<use ../plots/dftb_new_gen-scaling-07132026-145728_dashboard.png>
Package pdftex.def Info: ../plots/dftb_new_gen-scaling-07132026-145728_dashboar
d.png  used on input line 376.
(pdftex.def)             Requested size: 1145.47672pt x 427.11465pt.

Overfull \hbox (0.93591pt too wide) in paragraph at lines 413--414
[]\T1/lmr/m/n/10 (-20) Config  
 []


Overfull \hbox (5.16837pt too wide) in paragraph at lines 419--420
[]\T1/lmr/m/n/10 (-20) PEAK?  
 []


Overfull \hbox (6.57117pt too wide) in paragraph at lines 421--422
[]\T1/lmr/m/n/10 (-20) Elapsed 
 []


Overfull \hbox (4.66951pt too wide) in paragraph at lines 431--431
\T1/lmtt/m/n/10 nopeak|  
 []


Overfull \hbox (7.46956pt too wide) in paragraph at lines 432--433
[]|\T1/lmr/m/n/10 (-20) 3305579|  
 []


Overfull \hbox (4.66951pt too wide) in paragraph at lines 433--433
\T1/lmtt/m/n/10 nopeak|  
 []


Overfull \hbox (7.46956pt too wide) in paragraph at lines 434--435
[]|\T1/lmr/m/n/10 (-20) 3305580|  
 []


Overfull \hbox (4.66951pt too wide) in paragraph at lines 435--435
\T1/lmtt/m/n/10 nopeak|  
 []


Overfull \hbox (7.46956pt too wide) in paragraph at lines 436--437
[]|\T1/lmr/m/n/10 (-20) 3305581|  
 []


Overfull \hbox (4.66951pt too wide) in paragraph at lines 437--437
\T1/lmtt/m/n/10 nopeak|  
 []


Overfull \hbox (7.46956pt too wide) in paragraph at lines 438--439
[]|\T1/lmr/m/n/10 (-20) 3305582|  
 []


Overfull \hbox (4.66951pt too wide) in paragraph at lines 439--439
\T1/lmtt/m/n/10 nopeak|  
 []


Overfull \hbox (7.46956pt too wide) in paragraph at lines 440--441
[]|\T1/lmr/m/n/10 (-20) 3305583|  
 []


Overfull \hbox (4.66951pt too wide) in paragraph at lines 441--441
\T1/lmtt/m/n/10 nopeak|  
 []


Overfull \hbox (7.46956pt too wide) in paragraph at lines 442--443
[]|\T1/lmr/m/n/10 (-20) 3305584|  
 []


Overfull \hbox (7.46956pt too wide) in paragraph at lines 444--445
[]|\T1/lmr/m/n/10 (-20) 3305585|  
 []

[3] [4 <../plots/abinit_fullPEAK-scaling-07102026-152428_dashboard.png> <../plo
ts/qe_fftw_test-scaling-07142026-092819_dashboard.png> <../plots/dftb_new_gen-s
caling-07132026-145728_dashboard.png>]
<../plots/lammps_5-scaling-07132026-225745_dashboard.png, id=52, 1145.4795pt x 
427.1157pt>
File: ../plots/lammps_5-scaling-07132026-225745_dashboard.png Graphic file (typ
e png)
<use ../plots/lammps_5-scaling-07132026-225745_dashboard.png>
Package pdftex.def Info: ../plots/lammps_5-scaling-07132026-225745_dashboard.pn
g  used on input line 454.
(pdftex.def)             Requested size: 1145.47672pt x 427.11465pt.

Overfull \hbox (0.93591pt too wide) in paragraph at lines 492--493
[]\T1/lmr/m/n/10 (-20) Config  
 []


Overfull \hbox (5.16837pt too wide) in paragraph at lines 498--499
[]\T1/lmr/m/n/10 (-20) PEAK?  
 []


Overfull \hbox (6.57117pt too wide) in paragraph at lines 500--501
[]\T1/lmr/m/n/10 (-20) Elapsed 
 []


Overfull \hbox (4.66951pt too wide) in paragraph at lines 510--510
\T1/lmtt/m/n/10 nopeak|  
 []


Overfull \hbox (7.46956pt too wide) in paragraph at lines 511--512
[]|\T1/lmr/m/n/10 (-20) 3295859|  
 []


Overfull \hbox (4.66951pt too wide) in paragraph at lines 512--512
\T1/lmtt/m/n/10 nopeak|  
 []


Overfull \hbox (7.46956pt too wide) in paragraph at lines 513--514
[]|\T1/lmr/m/n/10 (-20) 3295860|  
 []


Overfull \hbox (7.46956pt too wide) in paragraph at lines 515--516
[]|\T1/lmr/m/n/10 (-20) 3295864|  
 []


Overfull \hbox (4.66951pt too wide) in paragraph at lines 516--516
\T1/lmtt/m/n/10 nopeak|  
 []


Overfull \hbox (7.46956pt too wide) in paragraph at lines 517--518
[]|\T1/lmr/m/n/10 (-20) 3295861|  
 []


Overfull \hbox (4.66951pt too wide) in paragraph at lines 518--518
\T1/lmtt/m/n/10 nopeak|  
 []


Overfull \hbox (7.46956pt too wide) in paragraph at lines 519--520
[]|\T1/lmr/m/n/10 (-20) 3295862|  
 []


Overfull \hbox (4.66951pt too wide) in paragraph at lines 520--520
\T1/lmtt/m/n/10 nopeak|  
 []


Overfull \hbox (7.46956pt too wide) in paragraph at lines 521--522
[]|\T1/lmr/m/n/10 (-20) 3295863|  
 []


ignored: Infinite glue shrinkage found in box being split [5]
<../plots/gromacs_2-scaling-07102026-221528_dashboard.png, id=61, 1145.11815pt 
x 427.1157pt>
File: ../plots/gromacs_2-scaling-07102026-221528_dashboard.png Graphic file (ty
pe png)
<use ../plots/gromacs_2-scaling-07102026-221528_dashboard.png>
Package pdftex.def Info: ../plots/gromacs_2-scaling-07102026-221528_dashboard.p
ng  used on input line 531.
(pdftex.def)             Requested size: 1145.11537pt x 427.11465pt.
 [6] [7 <../plots/lammps_5-scaling-07132026-225745_dashboard.png> <../plots/gro
macs_2-scaling-07102026-221528_dashboard.png>] (./Report.aux)
 ***********
LaTeX2e <2025-11-01>
L3 programming layer <2026-01-19>
 ***********


LaTeX Warning: Label(s) may have changed. Rerun to get cross-references right.

 ) 
Here is how much of TeX's memory you used:
 13230 strings out of 468904
 205531 string characters out of 5454207
 684015 words of memory out of 5000000
 41693 multiletter control sequences out of 15000+600000
 648726 words of font info for 67 fonts, out of 8000000 for 9000
 350 hyphenation exceptions out of 8191
 83i,7n,93p,1003b,608s stack positions out of 10000i,1000n,20000p,200000b,200000s
</usr/share/texmf-dist/fonts/type1/public/lm/lmbx10.pfb></usr/share/texmf-dis
t/fonts/type1/public/lm/lmbx12.pfb></usr/share/texmf-dist/fonts/type1/public/lm
/lmr10.pfb></usr/share/texmf-dist/fonts/type1/public/lm/lmtt10.pfb>
Output written on Report.pdf (7 pages, 932041 bytes).
PDF statistics:
 133 PDF objects out of 1000 (max. 8388607)
 103 compressed objects within 2 object streams
 37 named destinations out of 1000 (max. 500000)
 14410 words of extra memory for PDF output out of 17280 (max. 10000000)

